latexml (LaTeXML version 0.8.8) processing /Users/andrewk/Projects/papers/papers/1-gravitation/paper_v8-4.tex
(Digesting TeX paper_v8-4...
(Loading /opt/homebrew/Cellar/latexml/0.8.8_5/libexec/lib/perl5/LaTeXML/Package/TeX.pool.ltxml...
(Loading /opt/homebrew/Cellar/latexml/0.8.8_5/libexec/lib/perl5/LaTeXML/Package/eTeX.pool.ltxml... 0.00 sec)
(Loading /opt/homebrew/Cellar/latexml/0.8.8_5/libexec/lib/perl5/LaTeXML/Package/pdfTeX.pool.ltxml... 0.00 sec) 0.05 sec)
(Processing content /Users/andrewk/Projects/papers/papers/1-gravitation/paper_v8-4.tex...
(Loading /opt/homebrew/Cellar/latexml/0.8.8_5/libexec/lib/perl5/LaTeXML/Package/LaTeX.pool.ltxml...
(Loading /opt/homebrew/Cellar/latexml/0.8.8_5/libexec/lib/perl5/LaTeXML/Package/textcomp.sty.ltxml... 0.00 sec) 0.09 sec)
Info:fallback:revtex4-2.cls Interpreted 4-2 as a versioned package/class name, falling back to generic revtex.cls
	at paper_v8-4.tex; line 2 col 11 - line 2 col 11
(Loading /opt/homebrew/Cellar/latexml/0.8.8_5/libexec/lib/perl5/LaTeXML/Package/revtex.cls.ltxml...
(Loading /opt/homebrew/Cellar/latexml/0.8.8_5/libexec/lib/perl5/LaTeXML/Package/article.cls.ltxml... 0.01 sec)
(Loading /opt/homebrew/Cellar/latexml/0.8.8_5/libexec/lib/perl5/LaTeXML/Package/natbib.sty.ltxml... 0.01 sec)
(Loading /opt/homebrew/Cellar/latexml/0.8.8_5/libexec/lib/perl5/LaTeXML/Package/revtex3_support.sty.ltxml...
(Loading /opt/homebrew/Cellar/latexml/0.8.8_5/libexec/lib/perl5/LaTeXML/Package/revtex4_support.sty.ltxml...
(Loading /opt/homebrew/Cellar/latexml/0.8.8_5/libexec/lib/perl5/LaTeXML/Package/hyperref.sty.ltxml...
(Loading /opt/homebrew/Cellar/latexml/0.8.8_5/libexec/lib/perl5/LaTeXML/Package/ltxcmds.sty.ltxml...
Warning:missing_file:ltxcmds Can't find package ltxcmds
	at ltxcmds.sty.ltxml; line 20
	Anticipate undefined macros or environments
	search paths are /Users/andrewk/Projects/papers/papers/1-gravitation, /Users/andrewk/Projects/papers/tools
	In Core::Gullet[@0x131f094b8] /opt/homebrew/Cellar/latexml/0.8.8_5/libexec/lib/perl5/LaTeXML/Package/ltxcmds.sty.ltxml; line 20
 0.00 sec)
(Loading /opt/homebrew/Cellar/latexml/0.8.8_5/libexec/lib/perl5/LaTeXML/Package/keyval.sty.ltxml...
Warning:missing_file:keyval Can't find package keyval
	at keyval.sty.ltxml; line 19
	Anticipate undefined macros or environments
	In Core::Gullet[@0x131f094b8] /opt/homebrew/Cellar/latexml/0.8.8_5/libexec/lib/perl5/LaTeXML/Package/keyval.sty.ltxml; line 19
 0.00 sec)
(Loading /opt/homebrew/Cellar/latexml/0.8.8_5/libexec/lib/perl5/LaTeXML/Package/kvsetkeys.sty.ltxml...
Warning:missing_file:kvsetkeys Can't find package kvsetkeys
	at kvsetkeys.sty.ltxml; line 20
	Anticipate undefined macros or environments
	In Core::Gullet[@0x131f094b8] /opt/homebrew/Cellar/latexml/0.8.8_5/libexec/lib/perl5/LaTeXML/Package/kvsetkeys.sty.ltxml; line 20
 0.00 sec)
(Loading /opt/homebrew/Cellar/latexml/0.8.8_5/libexec/lib/perl5/LaTeXML/Package/kvdefinekeys.sty.ltxml...
Warning:missing_file:kvdefinekeys Can't find package kvdefinekeys
	at kvdefinekeys.sty.ltxml; line 20
	Anticipate undefined macros or environments
	In Core::Gullet[@0x131f094b8] /opt/homebrew/Cellar/latexml/0.8.8_5/libexec/lib/perl5/LaTeXML/Package/kvdefinekeys.sty.ltxml; line 20
 0.00 sec)
(Loading /opt/homebrew/Cellar/latexml/0.8.8_5/libexec/lib/perl5/LaTeXML/Package/kvoptions.sty.ltxml...
Warning:missing_file:kvoptions Can't find package kvoptions
	at kvoptions.sty.ltxml; line 20
	Anticipate undefined macros or environments
	In Core::Gullet[@0x131f094b8] /opt/homebrew/Cellar/latexml/0.8.8_5/libexec/lib/perl5/LaTeXML/Package/kvoptions.sty.ltxml; line 20
 0.00 sec)
(Loading /opt/homebrew/Cellar/latexml/0.8.8_5/libexec/lib/perl5/LaTeXML/Package/nameref.sty.ltxml...
(Loading /opt/homebrew/Cellar/latexml/0.8.8_5/libexec/lib/perl5/LaTeXML/Package/refcount.sty.ltxml...
Warning:missing_file:refcount Can't find package refcount
	at refcount.sty.ltxml; line 20
	Anticipate undefined macros or environments
	In Core::Gullet[@0x131f094b8] /opt/homebrew/Cellar/latexml/0.8.8_5/libexec/lib/perl5/LaTeXML/Package/refcount.sty.ltxml; line 20
 0.00 sec)
(Loading /opt/homebrew/Cellar/latexml/0.8.8_5/libexec/lib/perl5/LaTeXML/Package/gettitlestring.sty.ltxml...
Warning:missing_file:gettitlestring Can't find package gettitlestring
	at gettitlestring.sty.ltxml; line 20
	Anticipate undefined macros or environments
	In Core::Gullet[@0x131f094b8] /opt/homebrew/Cellar/latexml/0.8.8_5/libexec/lib/perl5/LaTeXML/Package/gettitlestring.sty.ltxml; line 20
 0.00 sec) 0.01 sec)
(Loading /opt/homebrew/Cellar/latexml/0.8.8_5/libexec/lib/perl5/LaTeXML/Package/url.sty.ltxml... 0.00 sec)
(Loading /opt/homebrew/Cellar/latexml/0.8.8_5/libexec/lib/perl5/LaTeXML/Package/bitset.sty.ltxml...
Warning:missing_file:bitset Can't find package bitset
	at bitset.sty.ltxml; line 20
	Anticipate undefined macros or environments
	In Core::Gullet[@0x131f094b8] /opt/homebrew/Cellar/latexml/0.8.8_5/libexec/lib/perl5/LaTeXML/Package/bitset.sty.ltxml; line 20
 0.00 sec) 0.04 sec)
(Loading /opt/homebrew/Cellar/latexml/0.8.8_5/libexec/lib/perl5/LaTeXML/Package/revsymb.sty.ltxml... 0.00 sec)
(Loading /opt/homebrew/Cellar/latexml/0.8.8_5/libexec/lib/perl5/LaTeXML/Package/longtable.sty.ltxml... 0.00 sec)
(Loading /opt/homebrew/Cellar/latexml/0.8.8_5/libexec/lib/perl5/LaTeXML/Package/dcolumn.sty.ltxml...
(Loading /opt/homebrew/Cellar/latexml/0.8.8_5/libexec/lib/perl5/LaTeXML/Package/array.sty.ltxml... 0.00 sec) 0.00 sec) 0.06 sec) 0.07 sec) 0.08 sec)
(Loading /opt/homebrew/Cellar/latexml/0.8.8_5/libexec/lib/perl5/LaTeXML/Package/amsmath.sty.ltxml...
(Loading /opt/homebrew/Cellar/latexml/0.8.8_5/libexec/lib/perl5/LaTeXML/Package/amsbsy.sty.ltxml...
(Loading /opt/homebrew/Cellar/latexml/0.8.8_5/libexec/lib/perl5/LaTeXML/Package/amsgen.sty.ltxml... 0.00 sec) 0.00 sec)
(Loading /opt/homebrew/Cellar/latexml/0.8.8_5/libexec/lib/perl5/LaTeXML/Package/amstext.sty.ltxml... 0.00 sec)
(Loading /opt/homebrew/Cellar/latexml/0.8.8_5/libexec/lib/perl5/LaTeXML/Package/amsopn.sty.ltxml... 0.00 sec) 0.02 sec)
(Loading /opt/homebrew/Cellar/latexml/0.8.8_5/libexec/lib/perl5/LaTeXML/Package/amssymb.sty.ltxml...
(Loading /opt/homebrew/Cellar/latexml/0.8.8_5/libexec/lib/perl5/LaTeXML/Package/amsfonts.sty.ltxml... 0.00 sec) 0.01 sec)
(Loading /opt/homebrew/Cellar/latexml/0.8.8_5/libexec/lib/perl5/LaTeXML/Package/graphicx.sty.ltxml...
(Loading /opt/homebrew/Cellar/latexml/0.8.8_5/libexec/lib/perl5/LaTeXML/Package/graphics.sty.ltxml... 0.00 sec) 0.01 sec)
(Loading /opt/homebrew/Cellar/latexml/0.8.8_5/libexec/lib/perl5/LaTeXML/Package/booktabs.sty.ltxml... 0.00 sec)
Warning:missing_file:orcidlink Can't find binding for package orcidlink
	at paper_v8-4.tex; line 7 col 0 - line 7 col 1
	Anticipate undefined macros or environments
	In Core::Definition::Constructor[\usepac... /opt/homebrew/Cellar/latexml/0.8.8_5/libexec/lib/perl5/LaTeXML/Package/LaTeX.pool.ltxml; line 879
Info:unexpected:options Unused global options: superscriptaddress,nofootinbib,showkeys
	at paper_v8-4.tex; line 8 col 0 - line 8 col 16
Error:undefined:\orcidlink The token T_CS[\orcidlink] is not defined.
	at paper_v8-4.tex; line 12 col 0 - line 12 col 56
	Defining it now as <ltx:ERROR/>
	Next token is T_BEGIN[{] ( == T_BEGIN[{]) more: 0009-0005-4569-2228}
	In Core::Gullet[@0x131f094b8] /Users/andrewk/Projects/papers/papers/1-gravitation/paper_v8-4.tex; from line 12 col 0 to line 12 col 56
	 <= Core::Stomach[@0x131f09200] <= Core::Definition::Constructor[\@perso... <= Core::Stomach[@0x131f09200] <= ...
 1.26 sec) 1.33 sec)
(Building...
(Loading compiled schema /opt/homebrew/Cellar/latexml/0.8.8_5/libexec/lib/perl5/LaTeXML/resources/RelaxNG/LaTeXML.model... 0.00 sec) 1.22 sec)
(Rewriting... 0.03 sec)
(Math Parsing 407 formulae ...... 0.72 sec)
Math parsing succeeded:
   ltx:XMArg: 457/457
   ltx:XMath: 407/407
Symbols assumed as simple identifiers (with # of occurences):
   'A{italic}' (3), 'E{italic}' (12), 'G{italic}' (26), 'H{italic}' (23), 'Lambda' (13), 'L{italic}' (58), 'M{italic}' (6), 'N{blackboard}' (1), 'N{italic}' (28), 'Omega' (2), 'Q{italic}' (2), 'R{italic}' (49), 'S{italic}' (3), 'T{italic}' (4), 'a{bold italic}' (1), 'a{italic}' (29), 'c{italic}' (49), 'delta' (3), 'd{italic}' (2), 'ell' (56), 'eta' (5), 'e{italic}' (2), 'g{italic}' (6), 'i{italic}' (1), 'k{italic}' (6), 'mu' (4), 'm{italic}' (1), 'nu' (4), 'n{italic}' (1), 'phi' (1), 'pi' (36), 'psi' (1), 'p{italic}' (2), 'q{italic}' (2), 'rho' (1), 'r{italic}' (3), 'sigma' (6), 'tau' (6), 'theta' (1), 't{italic}' (10), 'v{italic}' (3), 'w{italic}' (4), 'x{italic}' (1), 'z{italic}' (4)
Set MATHPARSER_SPECULATE to speculate on possible notations.
(Finalizing... 0.11 sec)
Conversion complete: 9 warnings; 1 error; 1 undefined macro[\orcidlink]; 9 missing files[kvdefinekeys.sty, gettitlestring.sty, keyval.sty, ltxcmds.sty, refcount.sty, kvsetkeys.sty, bitset.sty, orcidlink.sty, kvoptions.sty] (See /Users/andrewk/Projects/papers/tools/paper_v8-4.latexml.log) (reqd. 3.54s)
