latexml (LaTeXML version 0.8.8) processing /Users/andrewk/Projects/papers/papers/1-gravitation/paper_v11-5.tex
(Digesting TeX paper_v11-5...
(Loading /opt/homebrew/Cellar/latexml/0.8.8_5/libexec/lib/perl5/LaTeXML/Package/TeX.pool.ltxml...
(Loading /opt/homebrew/Cellar/latexml/0.8.8_5/libexec/lib/perl5/LaTeXML/Package/eTeX.pool.ltxml... 0.00 sec)
(Loading /opt/homebrew/Cellar/latexml/0.8.8_5/libexec/lib/perl5/LaTeXML/Package/pdfTeX.pool.ltxml... 0.00 sec) 0.05 sec)
(Processing content /Users/andrewk/Projects/papers/papers/1-gravitation/paper_v11-5.tex...
(Loading /opt/homebrew/Cellar/latexml/0.8.8_5/libexec/lib/perl5/LaTeXML/Package/LaTeX.pool.ltxml...
(Loading /opt/homebrew/Cellar/latexml/0.8.8_5/libexec/lib/perl5/LaTeXML/Package/textcomp.sty.ltxml... 0.00 sec) 0.09 sec)
Info:fallback:revtex4-2.cls Interpreted 4-2 as a versioned package/class name, falling back to generic revtex.cls
	at paper_v11-5.tex; line 2 col 11 - line 2 col 11
(Loading /opt/homebrew/Cellar/latexml/0.8.8_5/libexec/lib/perl5/LaTeXML/Package/revtex.cls.ltxml...
(Loading /opt/homebrew/Cellar/latexml/0.8.8_5/libexec/lib/perl5/LaTeXML/Package/article.cls.ltxml... 0.01 sec)
(Loading /opt/homebrew/Cellar/latexml/0.8.8_5/libexec/lib/perl5/LaTeXML/Package/natbib.sty.ltxml... 0.01 sec)
(Loading /opt/homebrew/Cellar/latexml/0.8.8_5/libexec/lib/perl5/LaTeXML/Package/revtex3_support.sty.ltxml...
(Loading /opt/homebrew/Cellar/latexml/0.8.8_5/libexec/lib/perl5/LaTeXML/Package/revtex4_support.sty.ltxml...
(Loading /opt/homebrew/Cellar/latexml/0.8.8_5/libexec/lib/perl5/LaTeXML/Package/hyperref.sty.ltxml...
(Loading /opt/homebrew/Cellar/latexml/0.8.8_5/libexec/lib/perl5/LaTeXML/Package/ltxcmds.sty.ltxml...
Warning:missing_file:ltxcmds Can't find package ltxcmds
	at ltxcmds.sty.ltxml; line 20
	Anticipate undefined macros or environments
	search paths are /Users/andrewk/Projects/papers/papers/1-gravitation, /Users/andrewk/Projects/papers/tools
	In Core::Gullet[@0x12d3f3938] /opt/homebrew/Cellar/latexml/0.8.8_5/libexec/lib/perl5/LaTeXML/Package/ltxcmds.sty.ltxml; line 20
 0.00 sec)
(Loading /opt/homebrew/Cellar/latexml/0.8.8_5/libexec/lib/perl5/LaTeXML/Package/keyval.sty.ltxml...
Warning:missing_file:keyval Can't find package keyval
	at keyval.sty.ltxml; line 19
	Anticipate undefined macros or environments
	In Core::Gullet[@0x12d3f3938] /opt/homebrew/Cellar/latexml/0.8.8_5/libexec/lib/perl5/LaTeXML/Package/keyval.sty.ltxml; line 19
 0.00 sec)
(Loading /opt/homebrew/Cellar/latexml/0.8.8_5/libexec/lib/perl5/LaTeXML/Package/kvsetkeys.sty.ltxml...
Warning:missing_file:kvsetkeys Can't find package kvsetkeys
	at kvsetkeys.sty.ltxml; line 20
	Anticipate undefined macros or environments
	In Core::Gullet[@0x12d3f3938] /opt/homebrew/Cellar/latexml/0.8.8_5/libexec/lib/perl5/LaTeXML/Package/kvsetkeys.sty.ltxml; line 20
 0.00 sec)
(Loading /opt/homebrew/Cellar/latexml/0.8.8_5/libexec/lib/perl5/LaTeXML/Package/kvdefinekeys.sty.ltxml...
Warning:missing_file:kvdefinekeys Can't find package kvdefinekeys
	at kvdefinekeys.sty.ltxml; line 20
	Anticipate undefined macros or environments
	In Core::Gullet[@0x12d3f3938] /opt/homebrew/Cellar/latexml/0.8.8_5/libexec/lib/perl5/LaTeXML/Package/kvdefinekeys.sty.ltxml; line 20
 0.00 sec)
(Loading /opt/homebrew/Cellar/latexml/0.8.8_5/libexec/lib/perl5/LaTeXML/Package/kvoptions.sty.ltxml...
Warning:missing_file:kvoptions Can't find package kvoptions
	at kvoptions.sty.ltxml; line 20
	Anticipate undefined macros or environments
	In Core::Gullet[@0x12d3f3938] /opt/homebrew/Cellar/latexml/0.8.8_5/libexec/lib/perl5/LaTeXML/Package/kvoptions.sty.ltxml; line 20
 0.00 sec)
(Loading /opt/homebrew/Cellar/latexml/0.8.8_5/libexec/lib/perl5/LaTeXML/Package/nameref.sty.ltxml...
(Loading /opt/homebrew/Cellar/latexml/0.8.8_5/libexec/lib/perl5/LaTeXML/Package/refcount.sty.ltxml...
Warning:missing_file:refcount Can't find package refcount
	at refcount.sty.ltxml; line 20
	Anticipate undefined macros or environments
	In Core::Gullet[@0x12d3f3938] /opt/homebrew/Cellar/latexml/0.8.8_5/libexec/lib/perl5/LaTeXML/Package/refcount.sty.ltxml; line 20
 0.00 sec)
(Loading /opt/homebrew/Cellar/latexml/0.8.8_5/libexec/lib/perl5/LaTeXML/Package/gettitlestring.sty.ltxml...
Warning:missing_file:gettitlestring Can't find package gettitlestring
	at gettitlestring.sty.ltxml; line 20
	Anticipate undefined macros or environments
	In Core::Gullet[@0x12d3f3938] /opt/homebrew/Cellar/latexml/0.8.8_5/libexec/lib/perl5/LaTeXML/Package/gettitlestring.sty.ltxml; line 20
 0.00 sec) 0.01 sec)
(Loading /opt/homebrew/Cellar/latexml/0.8.8_5/libexec/lib/perl5/LaTeXML/Package/url.sty.ltxml... 0.00 sec)
(Loading /opt/homebrew/Cellar/latexml/0.8.8_5/libexec/lib/perl5/LaTeXML/Package/bitset.sty.ltxml...
Warning:missing_file:bitset Can't find package bitset
	at bitset.sty.ltxml; line 20
	Anticipate undefined macros or environments
	In Core::Gullet[@0x12d3f3938] /opt/homebrew/Cellar/latexml/0.8.8_5/libexec/lib/perl5/LaTeXML/Package/bitset.sty.ltxml; line 20
 0.00 sec) 0.04 sec)
(Loading /opt/homebrew/Cellar/latexml/0.8.8_5/libexec/lib/perl5/LaTeXML/Package/revsymb.sty.ltxml... 0.00 sec)
(Loading /opt/homebrew/Cellar/latexml/0.8.8_5/libexec/lib/perl5/LaTeXML/Package/longtable.sty.ltxml... 0.00 sec)
(Loading /opt/homebrew/Cellar/latexml/0.8.8_5/libexec/lib/perl5/LaTeXML/Package/dcolumn.sty.ltxml...
(Loading /opt/homebrew/Cellar/latexml/0.8.8_5/libexec/lib/perl5/LaTeXML/Package/array.sty.ltxml... 0.00 sec) 0.00 sec) 0.07 sec) 0.07 sec) 0.09 sec)
(Loading /opt/homebrew/Cellar/latexml/0.8.8_5/libexec/lib/perl5/LaTeXML/Package/amsmath.sty.ltxml...
(Loading /opt/homebrew/Cellar/latexml/0.8.8_5/libexec/lib/perl5/LaTeXML/Package/amsbsy.sty.ltxml...
(Loading /opt/homebrew/Cellar/latexml/0.8.8_5/libexec/lib/perl5/LaTeXML/Package/amsgen.sty.ltxml... 0.00 sec) 0.00 sec)
(Loading /opt/homebrew/Cellar/latexml/0.8.8_5/libexec/lib/perl5/LaTeXML/Package/amstext.sty.ltxml... 0.00 sec)
(Loading /opt/homebrew/Cellar/latexml/0.8.8_5/libexec/lib/perl5/LaTeXML/Package/amsopn.sty.ltxml... 0.00 sec) 0.03 sec)
(Loading /opt/homebrew/Cellar/latexml/0.8.8_5/libexec/lib/perl5/LaTeXML/Package/amssymb.sty.ltxml...
(Loading /opt/homebrew/Cellar/latexml/0.8.8_5/libexec/lib/perl5/LaTeXML/Package/amsfonts.sty.ltxml... 0.00 sec) 0.01 sec)
(Loading /opt/homebrew/Cellar/latexml/0.8.8_5/libexec/lib/perl5/LaTeXML/Package/graphicx.sty.ltxml...
(Loading /opt/homebrew/Cellar/latexml/0.8.8_5/libexec/lib/perl5/LaTeXML/Package/graphics.sty.ltxml... 0.00 sec) 0.01 sec)
(Loading /opt/homebrew/Cellar/latexml/0.8.8_5/libexec/lib/perl5/LaTeXML/Package/booktabs.sty.ltxml... 0.00 sec)
(Loading /opt/homebrew/Cellar/latexml/0.8.8_5/libexec/lib/perl5/LaTeXML/Package/xcolor.sty.ltxml...
(Loading /opt/homebrew/Cellar/latexml/0.8.8_5/libexec/lib/perl5/LaTeXML/Package/color.sty.ltxml... 0.00 sec)
(Loading /opt/homebrew/Cellar/latexml/0.8.8_5/libexec/lib/perl5/LaTeXML/Package/colortbl.sty.ltxml... 0.01 sec) 0.03 sec)
Warning:missing_file:orcidlink Can't find binding for package orcidlink
	at paper_v11-5.tex; line 9 col 0 - line 9 col 1
	Anticipate undefined macros or environments
	In Core::Definition::Constructor[\usepac... /opt/homebrew/Cellar/latexml/0.8.8_5/libexec/lib/perl5/LaTeXML/Package/LaTeX.pool.ltxml; line 879
Info:unexpected:options Unused global options: superscriptaddress,nofootinbib,showkeys
	at paper_v11-5.tex; line 17 col 0 - line 17 col 16
Error:undefined:\orcidlink The token T_CS[\orcidlink] is not defined.
	at paper_v11-5.tex; line 21 col 0 - line 21 col 56
	Defining it now as <ltx:ERROR/>
	Next token is T_BEGIN[{] ( == T_BEGIN[{]) more: 0009-0005-4569-2228}
	In Core::Gullet[@0x12d3f3938] /Users/andrewk/Projects/papers/papers/1-gravitation/paper_v11-5.tex; from line 21 col 0 to line 21 col 56
	 <= Core::Stomach[@0x13d0124c0] <= Core::Definition::Constructor[\@perso... <= Core::Stomach[@0x13d0124c0] <= ...
 1.82 sec) 1.91 sec)
(Building...
(Loading compiled schema /opt/homebrew/Cellar/latexml/0.8.8_5/libexec/lib/perl5/LaTeXML/resources/RelaxNG/LaTeXML.model... 0.00 sec) 2.02 sec)
(Rewriting... 0.06 sec)
(Math Parsing 645 formulae ......
Warning:not_parsed:OPEN.UNKNOWN.CLOSE>METARELOP MathParser failed to match rule 'Anything'
	at paper_v11-5.tex; line 243 col 0 - line 246 col 14
	In "\begin{equation}S_{M}(r)=S_{\rm in}(r):\quad N_{s}=\frac{\pi}{2}\,L\alpha,%
	\quad g_{N}=\frac{c^{2}}{\pi R_{\Lambda}},\end{equation}"
	S[[UNKNOWN]] _{M}[[POSTSUBSCRIPT]] ([[OPEN]] r[[UNKNOWN]] )[[CLOSE]] =[[RELOP]] S[[UNKNOWN]] _{\rmin}[[POSTSUBSCRIPT]] ([[OPEN]] r[[UNKNOWN]] )[[CLOSE]]
	        > :[[METARELOP]] \begin{equation}S_{M}(r)=S_{\rmin}(r):\quadN_{s}=\frac{\pi}{2}\,L\alpha,\quadg_{N}=\frac{c^{2}}{\piR_{\Lambda}},\end{equation}[[PUNCT]] N[[UNKNOWN]] _{s}[[POSTSUBSCRIPT]] =[[RELOP]] \frac{\pi}{2}[[UNKNOWN]] L[[UNKNOWN]] α[[UNKNOWN]] ,[[PUNCT]] g[[UNKNOWN]] _{N}[[POSTSUBSCRIPT]] =[[RELOP]] \frac{c^{2}}{\piR_{\Lambda}}[[UNKNOWN]]
 1.43 sec)
Math parsing succeeded:
   ltx:XMWrap: 1/1
   ltx:XMath: 644/645
   ltx:XMArg: 884/884
Symbols assumed as simple identifiers (with # of occurences):
   'A{italic}' (7), 'C{italic}' (3), 'E{italic}' (27), 'G{italic}' (46), 'H{italic}' (22), 'J' (1), 'Lambda' (17), 'L{italic}' (135), 'M{italic}' (28), 'N{blackboard}' (1), 'N{italic}' (31), 'Omega' (3), 'P{italic}' (2), 'Q{italic}' (3), 'R{italic}' (81), 'Sigma' (2), 'S{italic}' (14), 'T{italic}' (11), 'V{italic}' (6), 'alpha' (24), 'a{bold italic}' (1), 'a{italic}' (59), 'c{italic}' (91), 'delta' (3), 'd{italic}' (7), 'ell' (82), 'eta' (5), 'e{italic}' (2), 'gamma' (1), 'g{italic}' (18), 'h{italic}' (1), 'i{italic}' (1), 'k{italic}' (14), 'm' (2), 'mu' (4), 'm{italic}' (7), 'nu' (4), 'n{italic}' (28), 'phi' (1), 'pi' (113), 'psi' (1), 'p{italic}' (3), 'q{italic}' (2), 'rho' (13), 'r{italic}' (38), 's' (1), 'sigma' (10), 'tau' (7), 'theta' (1), 't{italic}' (15), 'varepsilon' (3), 'v{italic}' (2), 'w{italic}' (6), 'x{italic}' (1), 'z{italic}' (4)
Set MATHPARSER_SPECULATE to speculate on possible notations.
(Finalizing... 0.23 sec)
Conversion complete: 10 warnings; 1 error; 1 undefined macro[\orcidlink]; 9 missing files[kvoptions.sty, ltxcmds.sty, bitset.sty, kvdefinekeys.sty, kvsetkeys.sty, orcidlink.sty, keyval.sty, gettitlestring.sty, refcount.sty] (See /Users/andrewk/Projects/papers/tools/paper_v11-5.latexml.log) (reqd. 5.84s)
